// Jest Snapshot v1, https://goo.gl/fbAQLP

exports[`should render ExpenseList with empty message 1`] = `
<div>
  <p>
    No expenses
  </p>
</div>
`;

exports[`should render ExpenseList with expenses 1`] = `
<div>
  <ExpenseListItem
    amount={195}
    createdAt={0}
    description="Gum"
    id="1"
    key="1"
    note="Get me Gum"
  />
  <ExpenseListItem
    amount={243}
    createdAt={-345600000}
    description="Rent"
    id="2"
    key="2"
    note="Get me rent"
  />
  <ExpenseListItem
    amount={675}
    createdAt={345600000}
    description="Credit Card"
    id="3"
    key="3"
    note="Get me come credit card"
  />
</div>
`;
