// Jest Snapshot v1, https://goo.gl/fbAQLP

exports[`should render ExpenseDashboardPage 1`] = `
<div>
  <Connect(ExpenseListFilters) />
  This is from my Expense Dashboard Page
  <Connect(ExpenseList) />
</div>
`;
